--------------------------------
          SYMBOL TABLE
--------------------------------
NUMBER OF SYMBOLS : 2 
--------------------------------

ID : x	;; TYPE : INTEGER	;; LOCATION : R1 
ID : y	;; TYPE : INTEGER	;; LOCATION : R2 
